Archive member included because of file (symbol)

minilib/libmini.a(printf.o)   main.o (sprintf)
minilib/libmini.a(strtol.o)   main.o (strtol)
minilib/libmini.a(memcpy.o)   queue.o (memcpy)
minilib/libmini.a(memset.o)   tasks.o (memset)
minilib/libmini.a(strcat.o)   gsm.o (strcat)
minilib/libmini.a(strcpy.o)   minilib/libmini.a(strcat.o) (strcpy)
minilib/libmini.a(strlen.o)   gsm.o (strlen)
minilib/libmini.a(strncpy.o)  tasks.o (strncpy)
minilib/libmini.a(misc.o)     minilib/libmini.a(printf.o) (stdout)
minilib/libmini.a(isalpha.o)  minilib/libmini.a(strtol.o) (isalpha)
minilib/libmini.a(isdigit.o)  minilib/libmini.a(strtol.o) (isdigit)
minilib/libmini.a(isspace.o)  minilib/libmini.a(strtol.o) (isspace)
minilib/libmini.a(isupper.o)  minilib/libmini.a(strtol.o) (isupper)

Allocating common symbols
Common symbol       size              file

uart0               0x1c              uart.o
uart1               0x1c              uart.o
xQueueRegistry      0x50              queue.o
uart3               0x1c              uart.o
gsm                 0x24              gsm.o
uart2               0x1c              uart.o

Discarded input sections

 .text          0x0000000000000000        0x0 list.o
 .data          0x0000000000000000        0x0 list.o
 .bss           0x0000000000000000        0x0 list.o
 .text          0x0000000000000000        0x0 queue.o
 .data          0x0000000000000000        0x0 queue.o
 .bss           0x0000000000000000        0x0 queue.o
 .text.prvCopyDataToQueue
                0x0000000000000000       0x58 queue.o
 .text.prvCopyDataFromQueue
                0x0000000000000000       0x26 queue.o
 .text.prvUnlockQueue
                0x0000000000000000       0x64 queue.o
 .text.xQueueGenericReset
                0x0000000000000000       0x48 queue.o
 .text.xQueueGenericCreate
                0x0000000000000000       0x42 queue.o
 .text.xQueueGenericSend
                0x0000000000000000       0xce queue.o
 .text.xQueueCreateMutex
                0x0000000000000000       0x44 queue.o
 .text.xQueueGiveMutexRecursive
                0x0000000000000000       0x2a queue.o
 .text.xQueueGenericSendFromISR
                0x0000000000000000       0x4e queue.o
 .text.xQueueGenericReceive
                0x0000000000000000      0x102 queue.o
 .text.xQueueTakeMutexRecursive
                0x0000000000000000       0x32 queue.o
 .text.xQueueReceiveFromISR
                0x0000000000000000       0x4a queue.o
 .text.uxQueueMessagesWaiting
                0x0000000000000000       0x12 queue.o
 .text.uxQueueMessagesWaitingFromISR
                0x0000000000000000        0x4 queue.o
 .text.vQueueDelete
                0x0000000000000000       0x34 queue.o
 .text.xQueueIsQueueEmptyFromISR
                0x0000000000000000        0xa queue.o
 .text.xQueueIsQueueFullFromISR
                0x0000000000000000        0xc queue.o
 .text.vQueueAddToRegistry
                0x0000000000000000       0x24 queue.o
 .debug_info    0x0000000000000000     0x107e queue.o
 .debug_abbrev  0x0000000000000000      0x2ff queue.o
 .debug_loc     0x0000000000000000      0xb05 queue.o
 .debug_aranges
                0x0000000000000000       0xa8 queue.o
 .debug_ranges  0x0000000000000000       0x98 queue.o
 .debug_line    0x0000000000000000      0x3a7 queue.o
 .debug_str     0x0000000000000000      0x797 queue.o
 .comment       0x0000000000000000       0x71 queue.o
 .debug_frame   0x0000000000000000      0x1f8 queue.o
 .ARM.attributes
                0x0000000000000000       0x33 queue.o
 COMMON         0x0000000000000000       0x50 queue.o
 .text          0x0000000000000000        0x0 tasks.o
 .data          0x0000000000000000        0x0 tasks.o
 .bss           0x0000000000000000        0x0 tasks.o
 .text.vTaskDelete
                0x0000000000000000       0x70 tasks.o
 .text.uxTaskPriorityGet
                0x0000000000000000       0x1c tasks.o
 .text.vTaskPrioritySet
                0x0000000000000000       0x98 tasks.o
 .text.xTaskIsTaskSuspended
                0x0000000000000000       0x24 tasks.o
 .text.vTaskResume
                0x0000000000000000       0x64 tasks.o
 .text.xTaskResumeFromISR
                0x0000000000000000       0x7c tasks.o
 .text.vTaskEndScheduler
                0x0000000000000000       0x18 tasks.o
 .text.xTaskGetTickCount
                0x0000000000000000       0x18 tasks.o
 .text.xTaskGetTickCountFromISR
                0x0000000000000000       0x1c tasks.o
 .text.uxTaskGetNumberOfTasks
                0x0000000000000000        0xc tasks.o
 .text.vTaskDelayUntil
                0x0000000000000000       0x60 tasks.o
 .text.vTaskSuspend
                0x0000000000000000       0x74 tasks.o
 .text.vTaskPlaceOnEventList
                0x0000000000000000       0x44 tasks.o
 .text.xTaskRemoveFromEventList
                0x0000000000000000       0x64 tasks.o
 .text.vTaskSetTimeOutState
                0x0000000000000000       0x18 tasks.o
 .text.xTaskCheckForTimeOut
                0x0000000000000000       0x54 tasks.o
 .text.vTaskMissedYield
                0x0000000000000000        0xc tasks.o
 .text.uxTaskGetStackHighWaterMark
                0x0000000000000000       0x20 tasks.o
 .text.xTaskGetCurrentTaskHandle
                0x0000000000000000        0xc tasks.o
 .text.vTaskPriorityInherit
                0x0000000000000000       0x68 tasks.o
 .text.vTaskPriorityDisinherit
                0x0000000000000000       0x48 tasks.o
 .text          0x0000000000000000        0x0 timers.o
 .data          0x0000000000000000        0x0 timers.o
 .bss           0x0000000000000000        0x0 timers.o
 .debug_info    0x0000000000000000       0x94 timers.o
 .debug_abbrev  0x0000000000000000       0x4b timers.o
 .debug_aranges
                0x0000000000000000       0x18 timers.o
 .debug_line    0x0000000000000000       0x90 timers.o
 .debug_str     0x0000000000000000      0x1a8 timers.o
 .comment       0x0000000000000000       0x71 timers.o
 .ARM.attributes
                0x0000000000000000       0x33 timers.o
 .text          0x0000000000000000        0x0 port.o
 .data          0x0000000000000000        0x0 port.o
 .bss           0x0000000000000000        0x0 port.o
 .text.vPortEndScheduler
                0x0000000000000000        0x2 port.o
 .text          0x0000000000000000        0x0 heap_2.o
 .data          0x0000000000000000        0x0 heap_2.o
 .bss           0x0000000000000000        0x0 heap_2.o
 .text.xPortGetFreeHeapSize
                0x0000000000000000        0xc heap_2.o
 .text.vPortInitialiseBlocks
                0x0000000000000000        0x2 heap_2.o
 .text          0x0000000000000000        0x0 lpc17xx.o
 .data          0x0000000000000000        0x0 lpc17xx.o
 .bss           0x0000000000000000        0x0 lpc17xx.o
 .text          0x0000000000000000        0x0 system_LPC17xx.o
 .data          0x0000000000000000        0x0 system_LPC17xx.o
 .bss           0x0000000000000000        0x0 system_LPC17xx.o
 .text          0x0000000000000000        0x0 main.o
 .data          0x0000000000000000        0x0 main.o
 .bss           0x0000000000000000        0x0 main.o
 .text.uart0_echo
                0x0000000000000000       0x28 main.o
 .text          0x0000000000000000        0x0 uart.o
 .data          0x0000000000000000        0x0 uart.o
 .bss           0x0000000000000000        0x0 uart.o
 .text          0x0000000000000000        0x0 syscalls.o
 .data          0x0000000000000000        0x0 syscalls.o
 .bss           0x0000000000000000        0x0 syscalls.o
 .text._sbrk    0x0000000000000000        0x6 syscalls.o
 .text._close   0x0000000000000000        0x6 syscalls.o
 .text._execve  0x0000000000000000        0x6 syscalls.o
 .text._exit    0x0000000000000000        0x2 syscalls.o
 .text._fork    0x0000000000000000        0x6 syscalls.o
 .text._fstat   0x0000000000000000        0x4 syscalls.o
 .text._getpid  0x0000000000000000        0x4 syscalls.o
 .text._kill    0x0000000000000000        0x6 syscalls.o
 .text.isatty   0x0000000000000000        0x4 syscalls.o
 .text._isatty  0x0000000000000000        0x4 syscalls.o
 .text._link    0x0000000000000000        0x6 syscalls.o
 .text._lseek   0x0000000000000000        0x4 syscalls.o
 .text._open    0x0000000000000000        0x6 syscalls.o
 .text._read    0x0000000000000000        0x4 syscalls.o
 .text._stat    0x0000000000000000        0x4 syscalls.o
 .text._times   0x0000000000000000        0x6 syscalls.o
 .text._unlink  0x0000000000000000        0x6 syscalls.o
 .text._wait    0x0000000000000000        0x6 syscalls.o
 .text._write   0x0000000000000000        0x6 syscalls.o
 .debug_info    0x0000000000000000      0x4a1 syscalls.o
 .debug_abbrev  0x0000000000000000       0xff syscalls.o
 .debug_loc     0x0000000000000000      0x210 syscalls.o
 .debug_aranges
                0x0000000000000000       0xb0 syscalls.o
 .debug_ranges  0x0000000000000000       0xa0 syscalls.o
 .debug_line    0x0000000000000000      0x194 syscalls.o
 .debug_str     0x0000000000000000      0x255 syscalls.o
 .comment       0x0000000000000000       0x71 syscalls.o
 .debug_frame   0x0000000000000000      0x140 syscalls.o
 .ARM.attributes
                0x0000000000000000       0x33 syscalls.o
 .text          0x0000000000000000        0x0 gsm.o
 .data          0x0000000000000000        0x0 gsm.o
 .bss           0x0000000000000000        0x0 gsm.o
 .text          0x0000000000000000        0x0 minilib/libmini.a(printf.o)
 .data          0x0000000000000000        0x0 minilib/libmini.a(printf.o)
 .bss           0x0000000000000000        0x0 minilib/libmini.a(printf.o)
 .text.printf   0x0000000000000000       0x24 minilib/libmini.a(printf.o)
 .text.fprintf  0x0000000000000000       0x1c minilib/libmini.a(printf.o)
 .text          0x0000000000000000        0x0 minilib/libmini.a(strtol.o)
 .data          0x0000000000000000        0x0 minilib/libmini.a(strtol.o)
 .bss           0x0000000000000000        0x0 minilib/libmini.a(strtol.o)
 .text          0x0000000000000000        0x0 minilib/libmini.a(memcpy.o)
 .data          0x0000000000000000        0x0 minilib/libmini.a(memcpy.o)
 .bss           0x0000000000000000        0x0 minilib/libmini.a(memcpy.o)
 .text          0x0000000000000000        0x0 minilib/libmini.a(memset.o)
 .data          0x0000000000000000        0x0 minilib/libmini.a(memset.o)
 .bss           0x0000000000000000        0x0 minilib/libmini.a(memset.o)
 .text          0x0000000000000000        0x0 minilib/libmini.a(strcat.o)
 .data          0x0000000000000000        0x0 minilib/libmini.a(strcat.o)
 .bss           0x0000000000000000        0x0 minilib/libmini.a(strcat.o)
 .text          0x0000000000000000        0x0 minilib/libmini.a(strcpy.o)
 .data          0x0000000000000000        0x0 minilib/libmini.a(strcpy.o)
 .bss           0x0000000000000000        0x0 minilib/libmini.a(strcpy.o)
 .text          0x0000000000000000        0x0 minilib/libmini.a(strlen.o)
 .data          0x0000000000000000        0x0 minilib/libmini.a(strlen.o)
 .bss           0x0000000000000000        0x0 minilib/libmini.a(strlen.o)
 .text          0x0000000000000000        0x0 minilib/libmini.a(strncpy.o)
 .data          0x0000000000000000        0x0 minilib/libmini.a(strncpy.o)
 .bss           0x0000000000000000        0x0 minilib/libmini.a(strncpy.o)
 .text          0x0000000000000000        0x0 minilib/libmini.a(misc.o)
 .data          0x0000000000000000        0x0 minilib/libmini.a(misc.o)
 .bss           0x0000000000000000        0x0 minilib/libmini.a(misc.o)
 .text._read_dummy
                0x0000000000000000        0x4 minilib/libmini.a(misc.o)
 .text._write_dummy
                0x0000000000000000        0x4 minilib/libmini.a(misc.o)
 .data.stdin    0x0000000000000000        0x4 minilib/libmini.a(misc.o)
 .data._dummy_file
                0x0000000000000000       0x10 minilib/libmini.a(misc.o)
 .data.stdout   0x0000000000000000        0x4 minilib/libmini.a(misc.o)
 .data.stderr   0x0000000000000000        0x4 minilib/libmini.a(misc.o)
 .debug_info    0x0000000000000000      0x198 minilib/libmini.a(misc.o)
 .debug_abbrev  0x0000000000000000       0xbd minilib/libmini.a(misc.o)
 .debug_loc     0x0000000000000000       0x42 minilib/libmini.a(misc.o)
 .debug_aranges
                0x0000000000000000       0x28 minilib/libmini.a(misc.o)
 .debug_ranges  0x0000000000000000       0x18 minilib/libmini.a(misc.o)
 .debug_line    0x0000000000000000       0x70 minilib/libmini.a(misc.o)
 .debug_str     0x0000000000000000      0x1ff minilib/libmini.a(misc.o)
 .comment       0x0000000000000000       0x71 minilib/libmini.a(misc.o)
 .debug_frame   0x0000000000000000       0x30 minilib/libmini.a(misc.o)
 .ARM.attributes
                0x0000000000000000       0x33 minilib/libmini.a(misc.o)
 .text          0x0000000000000000        0x0 minilib/libmini.a(isalpha.o)
 .data          0x0000000000000000        0x0 minilib/libmini.a(isalpha.o)
 .bss           0x0000000000000000        0x0 minilib/libmini.a(isalpha.o)
 .text          0x0000000000000000        0x0 minilib/libmini.a(isdigit.o)
 .data          0x0000000000000000        0x0 minilib/libmini.a(isdigit.o)
 .bss           0x0000000000000000        0x0 minilib/libmini.a(isdigit.o)
 .text          0x0000000000000000        0x0 minilib/libmini.a(isspace.o)
 .data          0x0000000000000000        0x0 minilib/libmini.a(isspace.o)
 .bss           0x0000000000000000        0x0 minilib/libmini.a(isspace.o)
 .text          0x0000000000000000        0x0 minilib/libmini.a(isupper.o)
 .data          0x0000000000000000        0x0 minilib/libmini.a(isupper.o)
 .bss           0x0000000000000000        0x0 minilib/libmini.a(isupper.o)

Memory Configuration

Name             Origin             Length             Attributes
flash            0x0000000000000000 0x0000000000080000 xr
ram              0x0000000010000000 0x0000000000008000 xrw
*default*        0x0000000000000000 0xffffffffffffffff

Linker script and memory map

LOAD list.o
LOAD queue.o
LOAD tasks.o
LOAD timers.o
LOAD port.o
LOAD heap_2.o
LOAD lpc17xx.o
LOAD system_LPC17xx.o
LOAD main.o
LOAD uart.o
LOAD syscalls.o
LOAD gsm.o
LOAD minilib/libmini.a
                0x0000000000000000                __rom_start__ = ORIGIN (flash)
                0x0000000000080000                __rom_size__ = 0x80000
                0x0000000010000000                __ram_start__ = ORIGIN (ram)
                0x0000000000008000                __ram_size__ = 0x8000
                0x0000000010008000                __ram_end__ = (__ram_start__ + __ram_size__)
                0x0000000010008000                __stack_end__ = __ram_end__
                0x0000000000004000                __stack_size__ = 0x4000
                0x0000000010004000                __stack_start__ = (__stack_end__ - __stack_size__)
                0x00000000100000a4                __heap_start__ = __bss_end__
                0x0000000010004000                __heap_end__ = __stack_start__
                0x0000000000000000                . = 0x0

.text           0x0000000000000000     0x1d40
 *(.startup)
 .startup       0x0000000000000000      0x140 lpc17xx.o
                0x0000000000000000                _vectors
                0x00000000000000cc                TIMER2_IRQHandler
                0x00000000000000cc                DebugMon_Handler
                0x00000000000000cc                RIT_IRQHandler
                0x00000000000000cc                I2C0_IRQHandler
                0x00000000000000cc                HardFault_Handler
                0x00000000000000cc                USBActivity_IRQHandler
                0x00000000000000cc                PWM1_IRQHandler
                0x00000000000000cc                NMI_Handler
                0x00000000000000cc                I2C1_IRQHandler
                0x00000000000000cc                EINT2_IRQHandler
                0x00000000000000cc                EINT3_IRQHandler
                0x00000000000000cc                CANActivity_IRQHandler
                0x00000000000000cc                TIMER3_IRQHandler
                0x00000000000000cc                UsageFault_Handler
                0x00000000000000cc                PLL0_IRQHandler
                0x00000000000000cc                CAN_IRQHandler
                0x00000000000000cc                PLL1_IRQHandler
                0x00000000000000cc                SSP0_IRQHandler
                0x00000000000000cc                I2S_IRQHandler
                0x00000000000000cc                I2C2_IRQHandler
                0x00000000000000cc                RTC_IRQHandler
                0x00000000000000cc                TIMER0_IRQHandler
                0x00000000000000cc                SPI_IRQHandler
                0x00000000000000cc                EINT1_IRQHandler
                0x00000000000000cc                TIMER1_IRQHandler
                0x00000000000000cc                ADC_IRQHandler
                0x00000000000000cc                SSP1_IRQHandler
                0x00000000000000cc                USB_IRQHandler
                0x00000000000000cc                BOD_IRQHandler
                0x00000000000000cc                MemManage_Handler
                0x00000000000000cc                WDT_IRQHandler
                0x00000000000000cc                QEI_IRQHandler
                0x00000000000000cc                EINT0_IRQHandler
                0x00000000000000cc                DMA_IRQHandler
                0x00000000000000cc                BusFault_Handler
                0x00000000000000cc                MCPWM_IRQHandler
                0x00000000000000cc                ENET_IRQHandler
                0x00000000000000ce                _start
 *(.text*)
 .text.vListInitialise
                0x0000000000000140       0x16 list.o
                0x0000000000000140                vListInitialise
 .text.vListInitialiseItem
                0x0000000000000156        0x6 list.o
                0x0000000000000156                vListInitialiseItem
 .text.vListInsertEnd
                0x000000000000015c       0x1c list.o
                0x000000000000015c                vListInsertEnd
 .text.vListInsert
                0x0000000000000178       0x30 list.o
                0x0000000000000178                vListInsert
 .text.vListRemove
                0x00000000000001a8       0x24 list.o
                0x00000000000001a8                vListRemove
 .text.prvAddCurrentTaskToDelayedList
                0x00000000000001cc       0x50 tasks.o
 .text.xTaskGenericCreate
                0x000000000000021c      0x194 tasks.o
                0x000000000000021c                xTaskGenericCreate
 .text.vTaskStartScheduler
                0x00000000000003b0       0x4c tasks.o
                0x00000000000003b0                vTaskStartScheduler
 .text.vTaskSuspendAll
                0x00000000000003fc       0x10 tasks.o
                0x00000000000003fc                vTaskSuspendAll
 .text.vTaskIncrementTick
                0x000000000000040c       0xcc tasks.o
                0x000000000000040c                vTaskIncrementTick
 .text.xTaskResumeAll
                0x00000000000004d8       0xc0 tasks.o
                0x00000000000004d8                xTaskResumeAll
 .text.vTaskDelay
                0x0000000000000598       0x3c tasks.o
                0x0000000000000598                vTaskDelay
 .text.prvIdleTask
                0x00000000000005d4       0x54 tasks.o
 .text.vTaskSwitchContext
                0x0000000000000628       0x60 tasks.o
                0x0000000000000628                vTaskSwitchContext
 .text.pxPortInitialiseStack
                0x0000000000000688       0x16 port.o
                0x0000000000000688                pxPortInitialiseStack
 *fill*         0x000000000000069e        0x2 
 .text.SVC_Handler
                0x00000000000006a0       0x20 port.o
                0x00000000000006a0                SVC_Handler
 .text.vPortStartFirstTask
                0x00000000000006c0       0x14 port.o
                0x00000000000006c0                vPortStartFirstTask
 .text.xPortStartScheduler
                0x00000000000006d4       0x44 port.o
                0x00000000000006d4                xPortStartScheduler
 .text.vPortYieldFromISR
                0x0000000000000718       0x10 port.o
                0x0000000000000718                vPortYieldFromISR
 .text.vPortEnterCritical
                0x0000000000000728       0x18 port.o
                0x0000000000000728                vPortEnterCritical
 .text.vPortExitCritical
                0x0000000000000740       0x18 port.o
                0x0000000000000740                vPortExitCritical
 .text.PendSV_Handler
                0x0000000000000758       0x3c port.o
                0x0000000000000758                PendSV_Handler
 .text.SysTick_Handler
                0x0000000000000794       0x24 port.o
                0x0000000000000794                SysTick_Handler
 .text.pvPortMalloc
                0x00000000000007b8       0xb4 heap_2.o
                0x00000000000007b8                pvPortMalloc
 .text.vPortFree
                0x000000000000086c       0x44 heap_2.o
                0x000000000000086c                vPortFree
 .text.SystemCoreClockUpdate
                0x00000000000008b0       0x9c system_LPC17xx.o
                0x00000000000008b0                SystemCoreClockUpdate
 .text.SystemInit
                0x000000000000094c       0xe0 system_LPC17xx.o
                0x000000000000094c                SystemInit
 .text.taskA    0x0000000000000a2c        0x2 main.o
 *fill*         0x0000000000000a2e        0x2 
 .text.uart3_echo
                0x0000000000000a30       0x28 main.o
                0x0000000000000a30                uart3_echo
 .text.taskB    0x0000000000000a58       0x1c main.o
 .text.uart0_print_line
                0x0000000000000a74       0x34 main.o
                0x0000000000000a74                uart0_print_line
 .text.taskC    0x0000000000000aa8       0x1c main.o
 .text.prvSetupHardware
                0x0000000000000ac4      0x240 main.o
                0x0000000000000ac4                prvSetupHardware
 .text.startup.main
                0x0000000000000d04       0x6c main.o
                0x0000000000000d04                main
 .text.uart_getc.part.0
                0x0000000000000d70       0xb0 uart.o
 .text.uart_putc.part.1
                0x0000000000000e20       0x10 uart.o
 .text.UART0_IRQHandler
                0x0000000000000e30       0x7c uart.o
                0x0000000000000e30                UART0_IRQHandler
 .text.UART1_IRQHandler
                0x0000000000000eac       0x84 uart.o
                0x0000000000000eac                UART1_IRQHandler
 .text.UART2_IRQHandler
                0x0000000000000f30       0x7c uart.o
                0x0000000000000f30                UART2_IRQHandler
 .text.UART3_IRQHandler
                0x0000000000000fac       0x7c uart.o
                0x0000000000000fac                UART3_IRQHandler
 .text.uart_getc
                0x0000000000001028       0x44 uart.o
                0x0000000000001028                uart_getc
 .text.uart_init
                0x000000000000106c      0x174 uart.o
                0x000000000000106c                uart_init
 .text.uart_init_fifo
                0x00000000000011e0       0x58 uart.o
                0x00000000000011e0                uart_init_fifo
 .text.uart_putc
                0x0000000000001238       0x48 uart.o
                0x0000000000001238                uart_putc
 .text.uart_puts
                0x0000000000001280       0x70 uart.o
                0x0000000000001280                uart_puts
 .text.uart_print
                0x00000000000012f0       0x56 uart.o
                0x00000000000012f0                uart_print
 *fill*         0x0000000000001346        0x2 
 .text.uart_readline
                0x0000000000001348       0xa8 uart.o
                0x0000000000001348                uart_readline
 .text.build_header
                0x00000000000013f0      0x108 gsm.o
                0x00000000000013f0                build_header
 .text.gsmMalloc
                0x00000000000014f8       0x40 gsm.o
                0x00000000000014f8                gsmMalloc
 .text.gsm_read
                0x0000000000001538       0x38 gsm.o
                0x0000000000001538                gsm_read
 .text.printchar.isra.0
                0x0000000000001570       0x20 minilib/libmini.a(printf.o)
 .text.prints   0x0000000000001590       0x96 minilib/libmini.a(printf.o)
 .text.printi   0x0000000000001626       0xa8 minilib/libmini.a(printf.o)
 *fill*         0x00000000000016ce        0x2 
 .text.print    0x00000000000016d0      0x138 minilib/libmini.a(printf.o)
 .text.sprintf  0x0000000000001808       0x20 minilib/libmini.a(printf.o)
                0x0000000000001808                sprintf
 .text.strtol   0x0000000000001828      0x116 minilib/libmini.a(strtol.o)
                0x0000000000001828                strtol
 .text.memcpy   0x000000000000193e       0x90 minilib/libmini.a(memcpy.o)
                0x000000000000193e                memcpy
 .text.memset   0x00000000000019ce       0x7a minilib/libmini.a(memset.o)
                0x00000000000019ce                memset
 .text.strcat   0x0000000000001a48       0x32 minilib/libmini.a(strcat.o)
                0x0000000000001a48                strcat
 .text.strcpy   0x0000000000001a7a       0x3c minilib/libmini.a(strcpy.o)
                0x0000000000001a7a                strcpy
 .text.strlen   0x0000000000001ab6       0x38 minilib/libmini.a(strlen.o)
                0x0000000000001ab6                strlen
 .text.strncpy  0x0000000000001aee       0x5a minilib/libmini.a(strncpy.o)
                0x0000000000001aee                strncpy
 .text.isalpha  0x0000000000001b48       0x10 minilib/libmini.a(isalpha.o)
                0x0000000000001b48                isalpha
 .text.isdigit  0x0000000000001b58        0xc minilib/libmini.a(isdigit.o)
                0x0000000000001b58                isdigit
 .text.isspace  0x0000000000001b64       0x16 minilib/libmini.a(isspace.o)
                0x0000000000001b64                isspace
 .text.isupper  0x0000000000001b7a        0xc minilib/libmini.a(isupper.o)
                0x0000000000001b7a                isupper
 *(.rodata*)
 .rodata.str1.1
                0x0000000000001b86        0x5 tasks.o
 *fill*         0x0000000000001b8b        0x1 
 .rodata.ulKernelPriority
                0x0000000000001b8c        0x4 port.o
                0x0000000000001b8c                ulKernelPriority
 .rodata        0x0000000000001b90       0x34 main.o
 .rodata.str1.1
                0x0000000000001bc4       0xe3 main.o
                                         0xe6 (size before relaxing)
 .rodata.str1.1
                0x0000000000001ca7       0x85 gsm.o
                                         0x8b (size before relaxing)
 .rodata.str1.1
                0x0000000000001d2c        0x7 minilib/libmini.a(printf.o)
 *(.glue_7)
 .glue_7        0x0000000000000000        0x0 linker stubs
 *(.glue_7t)
 .glue_7t       0x0000000000000000        0x0 linker stubs
 *(.eh_frame)
                0x0000000000001d34                . = ALIGN (0x4)
 *fill*         0x0000000000001d33        0x1 
                0x0000000000001d34                __ctors_start__ = .
 *(.init_array)
 *(.ctors)
                0x0000000000001d34                __ctors_end__ = .
                0x0000000000001d40                . = ALIGN (0x10)
 *fill*         0x0000000000001d34        0xc 
                0x0000000000001d40                __text_end__ = .

.vfp11_veneer   0x0000000000001d40        0x0
 .vfp11_veneer  0x0000000000000000        0x0 linker stubs

.v4_bx          0x0000000000001d40        0x0
 .v4_bx         0x0000000000000000        0x0 linker stubs

.iplt           0x0000000000001d40        0x0
 .iplt          0x0000000000000000        0x0 list.o

.rel.dyn        0x0000000000001d40        0x0
 .rel.iplt      0x0000000000000000        0x0 list.o

.data           0x0000000010000000        0x0 load address 0x0000000000001d40
                0x0000000010000000                __data_beg__ = .
 *(.data)
                0x0000000010000000                __data_end__ = .

.igot.plt       0x0000000010000000        0x0 load address 0x0000000000001d40
 .igot.plt      0x0000000000000000        0x0 list.o

.data.xNextTaskUnblockTime
                0x0000000010000000        0x4 load address 0x0000000000001d40
 .data.xNextTaskUnblockTime
                0x0000000010000000        0x4 tasks.o

.data.uxCriticalNesting
                0x0000000010000004        0x4 load address 0x0000000000001d44
 .data.uxCriticalNesting
                0x0000000010000004        0x4 port.o

.data.xFreeBytesRemaining
                0x0000000010000008        0x4 load address 0x0000000000001d48
 .data.xFreeBytesRemaining
                0x0000000010000008        0x4 heap_2.o

.data.SystemCoreClock
                0x000000001000000c        0x4 load address 0x0000000000001d4c
 .data.SystemCoreClock
                0x000000001000000c        0x4 system_LPC17xx.o
                0x000000001000000c                SystemCoreClock

.bss            0x0000000010000010       0x94 load address 0x0000000000001d50
                0x0000000010000010                __bss_beg__ = .
 *(.bss)
 *(COMMON)
 COMMON         0x0000000010000010       0x70 uart.o
                0x0000000010000010                uart0
                0x000000001000002c                uart1
                0x0000000010000048                uart3
                0x0000000010000064                uart2
 COMMON         0x0000000010000080       0x24 gsm.o
                0x0000000010000080                gsm
                0x00000000100000a4                __bss_end__ = .

.bss.uxMissedTicks
                0x00000000100000a4        0x4 load address 0x0000000000001d50
 .bss.uxMissedTicks
                0x00000000100000a4        0x4 tasks.o

.bss.uxTCBNumber
                0x00000000100000a8        0x4 load address 0x0000000000001d50
 .bss.uxTCBNumber
                0x00000000100000a8        0x4 tasks.o

.bss.xSuspendedTaskList
                0x00000000100000ac       0x14 load address 0x0000000000001d50
 .bss.xSuspendedTaskList
                0x00000000100000ac       0x14 tasks.o

.bss.pxDelayedTaskList
                0x00000000100000c0        0x4 load address 0x0000000000001d50
 .bss.pxDelayedTaskList
                0x00000000100000c0        0x4 tasks.o

.bss.xSchedulerRunning
                0x00000000100000c4        0x4 load address 0x0000000000001d50
 .bss.xSchedulerRunning
                0x00000000100000c4        0x4 tasks.o

.bss.uxTasksDeleted
                0x00000000100000c8        0x4 load address 0x0000000000001d50
 .bss.uxTasksDeleted
                0x00000000100000c8        0x4 tasks.o

.bss.xTasksWaitingTermination
                0x00000000100000cc       0x14 load address 0x0000000000001d50
 .bss.xTasksWaitingTermination
                0x00000000100000cc       0x14 tasks.o

.bss.xDelayedTaskList2
                0x00000000100000e0       0x14 load address 0x0000000000001d50
 .bss.xDelayedTaskList2
                0x00000000100000e0       0x14 tasks.o

.bss.pxReadyTasksLists
                0x00000000100000f4       0x64 load address 0x0000000000001d50
 .bss.pxReadyTasksLists
                0x00000000100000f4       0x64 tasks.o

.bss.uxSchedulerSuspended
                0x0000000010000158        0x4 load address 0x0000000000001d50
 .bss.uxSchedulerSuspended
                0x0000000010000158        0x4 tasks.o

.bss.xNumOfOverflows
                0x000000001000015c        0x4 load address 0x0000000000001d50
 .bss.xNumOfOverflows
                0x000000001000015c        0x4 tasks.o

.bss.pxCurrentTCB
                0x0000000010000160        0x4 load address 0x0000000000001d50
 .bss.pxCurrentTCB
                0x0000000010000160        0x4 tasks.o
                0x0000000010000160                pxCurrentTCB

.bss.xPendingReadyList
                0x0000000010000164       0x14 load address 0x0000000000001d50
 .bss.xPendingReadyList
                0x0000000010000164       0x14 tasks.o

.bss.xTickCount
                0x0000000010000178        0x4 load address 0x0000000000001d50
 .bss.xTickCount
                0x0000000010000178        0x4 tasks.o

.bss.pxOverflowDelayedTaskList
                0x000000001000017c        0x4 load address 0x0000000000001d50
 .bss.pxOverflowDelayedTaskList
                0x000000001000017c        0x4 tasks.o

.bss.uxTopReadyPriority
                0x0000000010000180        0x4 load address 0x0000000000001d50
 .bss.uxTopReadyPriority
                0x0000000010000180        0x4 tasks.o

.bss.xDelayedTaskList1
                0x0000000010000184       0x14 load address 0x0000000000001d50
 .bss.xDelayedTaskList1
                0x0000000010000184       0x14 tasks.o

.bss.xMissedYield
                0x0000000010000198        0x4 load address 0x0000000000001d50
 .bss.xMissedYield
                0x0000000010000198        0x4 tasks.o

.bss.uxCurrentNumberOfTasks
                0x000000001000019c        0x4 load address 0x0000000000001d50
 .bss.uxCurrentNumberOfTasks
                0x000000001000019c        0x4 tasks.o

.bss.uxTopUsedPriority
                0x00000000100001a0        0x4 load address 0x0000000000001d50
 .bss.uxTopUsedPriority
                0x00000000100001a0        0x4 tasks.o

.bss.xHeap      0x00000000100001a8     0x4c00 load address 0x0000000000001d50
 .bss.xHeap     0x00000000100001a8     0x4c00 heap_2.o

.bss.xStart     0x0000000010004da8        0x8 load address 0x0000000000001d50
 .bss.xStart    0x0000000010004da8        0x8 heap_2.o

.bss.xHeapHasBeenInitialised.5342
                0x0000000010004db0        0x4 load address 0x0000000000001d50
 .bss.xHeapHasBeenInitialised.5342
                0x0000000010004db0        0x4 heap_2.o

.bss.xEnd       0x0000000010004db4        0x8 load address 0x0000000000001d50
 .bss.xEnd      0x0000000010004db4        0x8 heap_2.o

.ARM.extab
 *(.ARM.extab* .gnu.linkonce.armextab.*)
                0x0000000010004dbc                __exidx_start = .

.ARM.exidx
 *(.ARM.exidx* .gnu.linkonce.armexidx.*)
                0x0000000010004dbc                __exidx_end = .
                0xffffffffefff7b30                VectorChecksum = - ((((((((__stack_end__ + _start) + NMI_Handler) + HardFault_Handler) + MemManage_Handler) + BusFault_Handler) + UsageFault_Handler) + 0x6))
OUTPUT(app.elf elf32-littlearm)

.debug_info     0x0000000000000000     0x5b9d
 .debug_info    0x0000000000000000      0x2da list.o
 .debug_info    0x00000000000002da     0x1757 tasks.o
 .debug_info    0x0000000000001a31      0x244 port.o
 .debug_info    0x0000000000001c75      0x334 heap_2.o
 .debug_info    0x0000000000001fa9       0x57 lpc17xx.o
 .debug_info    0x0000000000002000      0x38f system_LPC17xx.o
 .debug_info    0x000000000000238f      0xd59 main.o
 .debug_info    0x00000000000030e8     0x14be uart.o
 .debug_info    0x00000000000045a6      0x5c5 gsm.o
 .debug_info    0x0000000000004b6b      0x67b minilib/libmini.a(printf.o)
 .debug_info    0x00000000000051e6      0x1e7 minilib/libmini.a(strtol.o)
 .debug_info    0x00000000000053cd      0x13b minilib/libmini.a(memcpy.o)
 .debug_info    0x0000000000005508      0x113 minilib/libmini.a(memset.o)
 .debug_info    0x000000000000561b      0x10e minilib/libmini.a(strcat.o)
 .debug_info    0x0000000000005729      0x109 minilib/libmini.a(strcpy.o)
 .debug_info    0x0000000000005832       0xd8 minilib/libmini.a(strlen.o)
 .debug_info    0x000000000000590a      0x123 minilib/libmini.a(strncpy.o)
 .debug_info    0x0000000000005a2d       0x5c minilib/libmini.a(isalpha.o)
 .debug_info    0x0000000000005a89       0x5c minilib/libmini.a(isdigit.o)
 .debug_info    0x0000000000005ae5       0x5c minilib/libmini.a(isspace.o)
 .debug_info    0x0000000000005b41       0x5c minilib/libmini.a(isupper.o)

.debug_abbrev   0x0000000000000000     0x1842
 .debug_abbrev  0x0000000000000000       0xe0 list.o
 .debug_abbrev  0x00000000000000e0      0x3bd tasks.o
 .debug_abbrev  0x000000000000049d      0x169 port.o
 .debug_abbrev  0x0000000000000606      0x1d6 heap_2.o
 .debug_abbrev  0x00000000000007dc       0x14 lpc17xx.o
 .debug_abbrev  0x00000000000007f0       0xd6 system_LPC17xx.o
 .debug_abbrev  0x00000000000008c6      0x258 main.o
 .debug_abbrev  0x0000000000000b1e      0x36f uart.o
 .debug_abbrev  0x0000000000000e8d      0x1d3 gsm.o
 .debug_abbrev  0x0000000000001060      0x201 minilib/libmini.a(printf.o)
 .debug_abbrev  0x0000000000001261       0xe7 minilib/libmini.a(strtol.o)
 .debug_abbrev  0x0000000000001348       0xad minilib/libmini.a(memcpy.o)
 .debug_abbrev  0x00000000000013f5       0xb0 minilib/libmini.a(memset.o)
 .debug_abbrev  0x00000000000014a5       0xb5 minilib/libmini.a(strcat.o)
 .debug_abbrev  0x000000000000155a       0x94 minilib/libmini.a(strcpy.o)
 .debug_abbrev  0x00000000000015ee       0x83 minilib/libmini.a(strlen.o)
 .debug_abbrev  0x0000000000001671       0xa1 minilib/libmini.a(strncpy.o)
 .debug_abbrev  0x0000000000001712       0x4c minilib/libmini.a(isalpha.o)
 .debug_abbrev  0x000000000000175e       0x4c minilib/libmini.a(isdigit.o)
 .debug_abbrev  0x00000000000017aa       0x4c minilib/libmini.a(isspace.o)
 .debug_abbrev  0x00000000000017f6       0x4c minilib/libmini.a(isupper.o)

.debug_loc      0x0000000000000000     0x3a71
 .debug_loc     0x0000000000000000       0x70 list.o
 .debug_loc     0x0000000000000070     0x1083 tasks.o
 .debug_loc     0x00000000000010f3       0x92 port.o
 .debug_loc     0x0000000000001185      0x26a heap_2.o
 .debug_loc     0x00000000000013ef       0x20 system_LPC17xx.o
 .debug_loc     0x000000000000140f      0x1e9 main.o
 .debug_loc     0x00000000000015f8      0xd53 uart.o
 .debug_loc     0x000000000000234b      0x2e5 gsm.o
 .debug_loc     0x0000000000002630      0x956 minilib/libmini.a(printf.o)
 .debug_loc     0x0000000000002f86      0x2ab minilib/libmini.a(strtol.o)
 .debug_loc     0x0000000000003231      0x21a minilib/libmini.a(memcpy.o)
 .debug_loc     0x000000000000344b      0x1e6 minilib/libmini.a(memset.o)
 .debug_loc     0x0000000000003631       0xc7 minilib/libmini.a(strcat.o)
 .debug_loc     0x00000000000036f8       0xde minilib/libmini.a(strcpy.o)
 .debug_loc     0x00000000000037d6       0x7d minilib/libmini.a(strlen.o)
 .debug_loc     0x0000000000003853      0x168 minilib/libmini.a(strncpy.o)
 .debug_loc     0x00000000000039bb       0x21 minilib/libmini.a(isalpha.o)
 .debug_loc     0x00000000000039dc       0x2e minilib/libmini.a(isdigit.o)
 .debug_loc     0x0000000000003a0a       0x38 minilib/libmini.a(isspace.o)
 .debug_loc     0x0000000000003a42       0x2f minilib/libmini.a(isupper.o)

.debug_aranges  0x0000000000000000      0x4e8
 .debug_aranges
                0x0000000000000000       0x40 list.o
 .debug_aranges
                0x0000000000000040      0x108 tasks.o
 .debug_aranges
                0x0000000000000148       0x68 port.o
 .debug_aranges
                0x00000000000001b0       0x38 heap_2.o
 .debug_aranges
                0x00000000000001e8       0x20 lpc17xx.o
 .debug_aranges
                0x0000000000000208       0x28 system_LPC17xx.o
 .debug_aranges
                0x0000000000000230       0x58 main.o
 .debug_aranges
                0x0000000000000288       0x80 uart.o
 .debug_aranges
                0x0000000000000308       0x30 gsm.o
 .debug_aranges
                0x0000000000000338       0x50 minilib/libmini.a(printf.o)
 .debug_aranges
                0x0000000000000388       0x20 minilib/libmini.a(strtol.o)
 .debug_aranges
                0x00000000000003a8       0x20 minilib/libmini.a(memcpy.o)
 .debug_aranges
                0x00000000000003c8       0x20 minilib/libmini.a(memset.o)
 .debug_aranges
                0x00000000000003e8       0x20 minilib/libmini.a(strcat.o)
 .debug_aranges
                0x0000000000000408       0x20 minilib/libmini.a(strcpy.o)
 .debug_aranges
                0x0000000000000428       0x20 minilib/libmini.a(strlen.o)
 .debug_aranges
                0x0000000000000448       0x20 minilib/libmini.a(strncpy.o)
 .debug_aranges
                0x0000000000000468       0x20 minilib/libmini.a(isalpha.o)
 .debug_aranges
                0x0000000000000488       0x20 minilib/libmini.a(isdigit.o)
 .debug_aranges
                0x00000000000004a8       0x20 minilib/libmini.a(isspace.o)
 .debug_aranges
                0x00000000000004c8       0x20 minilib/libmini.a(isupper.o)

.debug_ranges   0x0000000000000000      0x428
 .debug_ranges  0x0000000000000000       0x30 list.o
 .debug_ranges  0x0000000000000030      0x138 tasks.o
 .debug_ranges  0x0000000000000168       0x70 port.o
 .debug_ranges  0x00000000000001d8       0x40 heap_2.o
 .debug_ranges  0x0000000000000218       0x18 system_LPC17xx.o
 .debug_ranges  0x0000000000000230       0x48 main.o
 .debug_ranges  0x0000000000000278       0x88 uart.o
 .debug_ranges  0x0000000000000300       0x38 gsm.o
 .debug_ranges  0x0000000000000338       0x40 minilib/libmini.a(printf.o)
 .debug_ranges  0x0000000000000378       0x10 minilib/libmini.a(strtol.o)
 .debug_ranges  0x0000000000000388       0x10 minilib/libmini.a(memcpy.o)
 .debug_ranges  0x0000000000000398       0x10 minilib/libmini.a(memset.o)
 .debug_ranges  0x00000000000003a8       0x10 minilib/libmini.a(strcat.o)
 .debug_ranges  0x00000000000003b8       0x10 minilib/libmini.a(strcpy.o)
 .debug_ranges  0x00000000000003c8       0x10 minilib/libmini.a(strlen.o)
 .debug_ranges  0x00000000000003d8       0x10 minilib/libmini.a(strncpy.o)
 .debug_ranges  0x00000000000003e8       0x10 minilib/libmini.a(isalpha.o)
 .debug_ranges  0x00000000000003f8       0x10 minilib/libmini.a(isdigit.o)
 .debug_ranges  0x0000000000000408       0x10 minilib/libmini.a(isspace.o)
 .debug_ranges  0x0000000000000418       0x10 minilib/libmini.a(isupper.o)

.debug_line     0x0000000000000000     0x1a16
 .debug_line    0x0000000000000000      0x165 list.o
 .debug_line    0x0000000000000165      0x5a9 tasks.o
 .debug_line    0x000000000000070e      0x1ab port.o
 .debug_line    0x00000000000008b9      0x18a heap_2.o
 .debug_line    0x0000000000000a43       0x61 lpc17xx.o
 .debug_line    0x0000000000000aa4      0x132 system_LPC17xx.o
 .debug_line    0x0000000000000bd6      0x231 main.o
 .debug_line    0x0000000000000e07      0x3f6 uart.o
 .debug_line    0x00000000000011fd      0x188 gsm.o
 .debug_line    0x0000000000001385      0x1bc minilib/libmini.a(printf.o)
 .debug_line    0x0000000000001541       0xd1 minilib/libmini.a(strtol.o)
 .debug_line    0x0000000000001612       0x87 minilib/libmini.a(memcpy.o)
 .debug_line    0x0000000000001699       0x7f minilib/libmini.a(memset.o)
 .debug_line    0x0000000000001718       0x74 minilib/libmini.a(strcat.o)
 .debug_line    0x000000000000178c       0x5e minilib/libmini.a(strcpy.o)
 .debug_line    0x00000000000017ea       0x6c minilib/libmini.a(strlen.o)
 .debug_line    0x0000000000001856       0x90 minilib/libmini.a(strncpy.o)
 .debug_line    0x00000000000018e6       0x4a minilib/libmini.a(isalpha.o)
 .debug_line    0x0000000000001930       0x4a minilib/libmini.a(isdigit.o)
 .debug_line    0x000000000000197a       0x52 minilib/libmini.a(isspace.o)
 .debug_line    0x00000000000019cc       0x4a minilib/libmini.a(isupper.o)

.debug_str      0x0000000000000000     0x178c
 .debug_str     0x0000000000000000      0x295 list.o
                                        0x2dc (size before relaxing)
 .debug_str     0x0000000000000295      0x7ca tasks.o
                                        0xa6b (size before relaxing)
 .debug_str     0x0000000000000a5f       0xab port.o
                                        0x2ef (size before relaxing)
 .debug_str     0x0000000000000b0a      0x141 heap_2.o
                                        0x326 (size before relaxing)
 .debug_str     0x0000000000000c4b      0x19e system_LPC17xx.o
                                        0x33f (size before relaxing)
 .debug_str     0x0000000000000de9      0x184 main.o
                                        0x425 (size before relaxing)
 .debug_str     0x0000000000000f6d      0x476 uart.o
                                        0x85d (size before relaxing)
 .debug_str     0x00000000000013e3       0x4f gsm.o
                                        0x2ba (size before relaxing)
 .debug_str     0x0000000000001432      0x1ba minilib/libmini.a(printf.o)
                                        0x251 (size before relaxing)
 .debug_str     0x00000000000015ec       0x4c minilib/libmini.a(strtol.o)
                                        0x1f6 (size before relaxing)
 .debug_str     0x0000000000001638       0x40 minilib/libmini.a(memcpy.o)
                                        0x1da (size before relaxing)
 .debug_str     0x0000000000001678       0x2d minilib/libmini.a(memset.o)
                                        0x1d0 (size before relaxing)
 .debug_str     0x00000000000016a5       0x2b minilib/libmini.a(strcat.o)
                                        0x1c7 (size before relaxing)
 .debug_str     0x00000000000016d0       0x19 minilib/libmini.a(strcpy.o)
                                        0x1ce (size before relaxing)
 .debug_str     0x00000000000016e9       0x1f minilib/libmini.a(strlen.o)
                                        0x1cf (size before relaxing)
 .debug_str     0x0000000000001708       0x20 minilib/libmini.a(strncpy.o)
                                        0x1dd (size before relaxing)
 .debug_str     0x0000000000001728       0x19 minilib/libmini.a(isalpha.o)
                                        0x136 (size before relaxing)
 .debug_str     0x0000000000001741       0x19 minilib/libmini.a(isdigit.o)
                                        0x136 (size before relaxing)
 .debug_str     0x000000000000175a       0x19 minilib/libmini.a(isspace.o)
                                        0x136 (size before relaxing)
 .debug_str     0x0000000000001773       0x19 minilib/libmini.a(isupper.o)
                                        0x136 (size before relaxing)

.comment        0x0000000000000000       0x70
 .comment       0x0000000000000000       0x70 list.o
                                         0x71 (size before relaxing)
 .comment       0x0000000000000000       0x71 tasks.o
 .comment       0x0000000000000000       0x71 port.o
 .comment       0x0000000000000000       0x71 heap_2.o
 .comment       0x0000000000000000       0x71 system_LPC17xx.o
 .comment       0x0000000000000000       0x71 main.o
 .comment       0x0000000000000000       0x71 uart.o
 .comment       0x0000000000000000       0x71 gsm.o
 .comment       0x0000000000000000       0x71 minilib/libmini.a(printf.o)
 .comment       0x0000000000000000       0x71 minilib/libmini.a(strtol.o)
 .comment       0x0000000000000000       0x71 minilib/libmini.a(memcpy.o)
 .comment       0x0000000000000000       0x71 minilib/libmini.a(memset.o)
 .comment       0x0000000000000000       0x71 minilib/libmini.a(strcat.o)
 .comment       0x0000000000000000       0x71 minilib/libmini.a(strcpy.o)
 .comment       0x0000000000000000       0x71 minilib/libmini.a(strlen.o)
 .comment       0x0000000000000000       0x71 minilib/libmini.a(strncpy.o)
 .comment       0x0000000000000000       0x71 minilib/libmini.a(isalpha.o)
 .comment       0x0000000000000000       0x71 minilib/libmini.a(isdigit.o)
 .comment       0x0000000000000000       0x71 minilib/libmini.a(isspace.o)
 .comment       0x0000000000000000       0x71 minilib/libmini.a(isupper.o)

.ARM.attributes
                0x0000000000000000       0x31
 .ARM.attributes
                0x0000000000000000       0x33 list.o
 .ARM.attributes
                0x0000000000000033       0x33 tasks.o
 .ARM.attributes
                0x0000000000000066       0x33 port.o
 .ARM.attributes
                0x0000000000000099       0x33 heap_2.o
 .ARM.attributes
                0x00000000000000cc       0x21 lpc17xx.o
 .ARM.attributes
                0x00000000000000ed       0x33 system_LPC17xx.o
 .ARM.attributes
                0x0000000000000120       0x33 main.o
 .ARM.attributes
                0x0000000000000153       0x33 uart.o
 .ARM.attributes
                0x0000000000000186       0x33 gsm.o
 .ARM.attributes
                0x00000000000001b9       0x33 minilib/libmini.a(printf.o)
 .ARM.attributes
                0x00000000000001ec       0x33 minilib/libmini.a(strtol.o)
 .ARM.attributes
                0x000000000000021f       0x33 minilib/libmini.a(memcpy.o)
 .ARM.attributes
                0x0000000000000252       0x33 minilib/libmini.a(memset.o)
 .ARM.attributes
                0x0000000000000285       0x33 minilib/libmini.a(strcat.o)
 .ARM.attributes
                0x00000000000002b8       0x33 minilib/libmini.a(strcpy.o)
 .ARM.attributes
                0x00000000000002eb       0x33 minilib/libmini.a(strlen.o)
 .ARM.attributes
                0x000000000000031e       0x33 minilib/libmini.a(strncpy.o)
 .ARM.attributes
                0x0000000000000351       0x33 minilib/libmini.a(isalpha.o)
 .ARM.attributes
                0x0000000000000384       0x33 minilib/libmini.a(isdigit.o)
 .ARM.attributes
                0x00000000000003b7       0x33 minilib/libmini.a(isspace.o)
 .ARM.attributes
                0x00000000000003ea       0x33 minilib/libmini.a(isupper.o)

.debug_frame    0x0000000000000000      0xabc
 .debug_frame   0x0000000000000000       0x68 list.o
 .debug_frame   0x0000000000000068      0x37c tasks.o
 .debug_frame   0x00000000000003e4       0xc0 port.o
 .debug_frame   0x00000000000004a4       0x74 heap_2.o
 .debug_frame   0x0000000000000518       0x38 system_LPC17xx.o
 .debug_frame   0x0000000000000550       0xe4 main.o
 .debug_frame   0x0000000000000634      0x12c uart.o
 .debug_frame   0x0000000000000760       0x74 gsm.o
 .debug_frame   0x00000000000007d4      0x124 minilib/libmini.a(printf.o)
 .debug_frame   0x00000000000008f8       0x3c minilib/libmini.a(strtol.o)
 .debug_frame   0x0000000000000934       0x2c minilib/libmini.a(memcpy.o)
 .debug_frame   0x0000000000000960       0x30 minilib/libmini.a(memset.o)
 .debug_frame   0x0000000000000990       0x2c minilib/libmini.a(strcat.o)
 .debug_frame   0x00000000000009bc       0x2c minilib/libmini.a(strcpy.o)
 .debug_frame   0x00000000000009e8       0x28 minilib/libmini.a(strlen.o)
 .debug_frame   0x0000000000000a10       0x2c minilib/libmini.a(strncpy.o)
 .debug_frame   0x0000000000000a3c       0x20 minilib/libmini.a(isalpha.o)
 .debug_frame   0x0000000000000a5c       0x20 minilib/libmini.a(isdigit.o)
 .debug_frame   0x0000000000000a7c       0x20 minilib/libmini.a(isspace.o)
 .debug_frame   0x0000000000000a9c       0x20 minilib/libmini.a(isupper.o)
